// Jest Snapshot v1, https://goo.gl/fbAQLP

exports[`Wallet renders correctly 1`] = `
ShallowWrapper {
  Symbol(enzyme.__root__): [Circular],
  Symbol(enzyme.__unrendered__): <Wallet
    addDepeosit={[Function]}
    balance={30}
    withdraw={[Function]}
/>,
  Symbol(enzyme.__renderer__): Object {
    "batchedUpdates": [Function],
    "getNode": [Function],
    "render": [Function],
    "simulateEvent": [Function],
    "unmount": [Function],
  },
  Symbol(enzyme.__node__): Object {
    "instance": null,
    "key": undefined,
    "nodeType": "host",
    "props": Object {
      "children": Array [
        <h3
          className="balance"
>
          Wallet Balance: 
          30
</h3>,
        <br />,
        <input
          className="input-wallet"
          onChange={[Function]}
/>,
        <button
          className="btn-deposit"
          onClick={[Function]}
>
          Deposit
</button>,
        <button
          className="btn-remove"
          onClick={[Function]}
>
          withdraw
</button>,
      ],
    },
    "ref": null,
    "rendered": Array [
      Object {
        "instance": null,
        "key": undefined,
        "nodeType": "host",
        "props": Object {
          "children": Array [
            "Wallet Balance: ",
            30,
          ],
          "className": "balance",
        },
        "ref": null,
        "rendered": Array [
          "Wallet Balance: ",
          30,
        ],
        "type": "h3",
      },
      Object {
        "instance": null,
        "key": undefined,
        "nodeType": "host",
        "props": Object {},
        "ref": null,
        "rendered": null,
        "type": "br",
      },
      Object {
        "instance": null,
        "key": undefined,
        "nodeType": "host",
        "props": Object {
          "className": "input-wallet",
          "onChange": [Function],
        },
        "ref": null,
        "rendered": null,
        "type": "input",
      },
      Object {
        "instance": null,
        "key": undefined,
        "nodeType": "host",
        "props": Object {
          "children": "Deposit",
          "className": "btn-deposit",
          "onClick": [Function],
        },
        "ref": null,
        "rendered": "Deposit",
        "type": "button",
      },
      Object {
        "instance": null,
        "key": undefined,
        "nodeType": "host",
        "props": Object {
          "children": "withdraw",
          "className": "btn-remove",
          "onClick": [Function],
        },
        "ref": null,
        "rendered": "withdraw",
        "type": "button",
      },
    ],
    "type": "div",
  },
  Symbol(enzyme.__nodes__): Array [
    Object {
      "instance": null,
      "key": undefined,
      "nodeType": "host",
      "props": Object {
        "children": Array [
          <h3
            className="balance"
>
            Wallet Balance: 
            30
</h3>,
          <br />,
          <input
            className="input-wallet"
            onChange={[Function]}
/>,
          <button
            className="btn-deposit"
            onClick={[Function]}
>
            Deposit
</button>,
          <button
            className="btn-remove"
            onClick={[Function]}
>
            withdraw
</button>,
        ],
      },
      "ref": null,
      "rendered": Array [
        Object {
          "instance": null,
          "key": undefined,
          "nodeType": "host",
          "props": Object {
            "children": Array [
              "Wallet Balance: ",
              30,
            ],
            "className": "balance",
          },
          "ref": null,
          "rendered": Array [
            "Wallet Balance: ",
            30,
          ],
          "type": "h3",
        },
        Object {
          "instance": null,
          "key": undefined,
          "nodeType": "host",
          "props": Object {},
          "ref": null,
          "rendered": null,
          "type": "br",
        },
        Object {
          "instance": null,
          "key": undefined,
          "nodeType": "host",
          "props": Object {
            "className": "input-wallet",
            "onChange": [Function],
          },
          "ref": null,
          "rendered": null,
          "type": "input",
        },
        Object {
          "instance": null,
          "key": undefined,
          "nodeType": "host",
          "props": Object {
            "children": "Deposit",
            "className": "btn-deposit",
            "onClick": [Function],
          },
          "ref": null,
          "rendered": "Deposit",
          "type": "button",
        },
        Object {
          "instance": null,
          "key": undefined,
          "nodeType": "host",
          "props": Object {
            "children": "withdraw",
            "className": "btn-remove",
            "onClick": [Function],
          },
          "ref": null,
          "rendered": "withdraw",
          "type": "button",
        },
      ],
      "type": "div",
    },
  ],
  Symbol(enzyme.__options__): Object {
    "adapter": ReactSixteenAdapter {
      "options": Object {
        "enableComponentDidUpdateOnSetState": true,
        "lifecycles": Object {
          "componentDidUpdate": Object {
            "onSetState": true,
          },
          "getSnapshotBeforeUpdate": true,
        },
      },
    },
    "attachTo": undefined,
    "hydrateIn": undefined,
  },
}
`;
